[CFG] solver_time_limit_sec 8
Loaded instance: tmp_compare_f3_f4/demand1_c101_1p5/C101_1.5_demand1.dat
Customers (incl. depot): 11
Trucks: 2, Drones: 2
Truck time matrix [0..4][0..4]:
0.00	46.00	50.00	36.00	40.00
46.00	0.00	4.00	10.00	6.00
50.00	4.00	0.00	14.00	10.00
36.00	10.00	14.00	0.00	4.00
40.00	6.00	10.00	4.00	0.00
Drone time matrix [0..4][0..4]:
0.00	18.68	20.62	16.12	18.11
18.68	0.00	2.00	3.61	3.00
20.62	2.00	0.00	5.00	3.61
16.12	3.61	5.00	0.00	2.00
18.11	3.00	3.61	2.00	0.00
[SEED] load failed: Seed parse error: expected '['
[SEED] fallback to heuristic initialization
--- After initial truck build ---
Truck 0: 0 -> 3 -> 5 -> 4 -> 1 -> 7 -> 10 -> 0
Truck 1: 0 -> 2 -> 8 -> 9 -> 6 -> 0
Fitness_full (makespan): 185.00
Objective (full) makespan: 185.00
Truck-only makespan: 133.10
[TRUCK] 2-opt skipped by SKIP_TRUCK_2OPT
[ATS] skipped by SKIP_ATS
[LS] start fitness: 185.00
[LS] phase 1
[LS] package relocation applied, fitness: 181.00
[LS] package relocation applied, fitness: 161.00
[LS] rendezvous insertion applied, fitness: 160.62
[LS] package relocation applied, fitness: 156.62
[LS] phase 2
[LS] package relocation applied, fitness: 156.62
[LS] phase 1
[LS] phase 2
--- After drone local search init ---
Truck 0: 0 -> 3 -> 5 -> 4 -> 1 -> 7[7,10] -> 10 -> 0
Truck 1: 0 -> 2[8,6] -> 8 -> 9[9] -> 6 -> 0
TRUCK 0 idx 0 city 0 arr 23.00 dep 23.00 wait 0.00
TRUCK 1 idx 0 city 0 arr 18.00 dep 18.00 wait 0.00
TRUCK 1 idx 1 city 2 arr 68.00 dep 85.62 wait 12.62
TRUCK 0 idx 1 city 3 arr 59.00 dep 59.00 wait 0.00
TRUCK 0 idx 2 city 5 arr 61.00 dep 61.00 wait 0.00
TRUCK 0 idx 3 city 4 arr 67.00 dep 67.00 wait 0.00
TRUCK 0 idx 4 city 1 arr 73.00 dep 73.00 wait 0.00
TRUCK 0 idx 5 city 7 arr 87.00 dep 97.02 wait 5.02
TRUCK 1 idx 2 city 8 arr 103.62 dep 103.62 wait 0.00
TRUCK 1 idx 3 city 9 arr 107.62 dep 112.62 wait 0.00
TRUCK 0 idx 6 city 10 arr 107.02 dep 107.02 wait 0.00
TRUCK 0 idx 7 city 0 arr 149.02 dep 149.02 wait 0.00
TRUCK 1 idx 4 city 6 arr 118.62 dep 118.62 wait 0.00
TRUCK 1 idx 5 city 0 arr 156.62 dep 156.62 wait 0.00
DRONE trip 0 id 0 ready 0.00 dep 60.00 ret 113.02
  leg 0 city 2 truck 1 d_arr 68.00 t_arr 68.00 d_wait 0.00 t_wait 12.62 service_end 85.62 pkgs 8 6 
  leg 1 city 7 truck 0 d_arr 87.00 t_arr 87.00 d_wait 0.00 t_wait 5.02 service_end 97.02 pkgs 7 10 
DRONE trip 1 id 1 ready 0.00 dep 87.52 ret 132.72
  leg 0 city 9 truck 1 d_arr 107.62 t_arr 107.62 d_wait 0.00 t_wait 0.00 service_end 112.62 pkgs 9 
Makespan: 156.62 (truck max 156.62, drone max 132.72)
[SOL] best solution detail:
solution = [
    [
        [
            [0, [3, 5, 4, 1]],
            [3, []],
            [5, []],
            [4, []],
            [1, []],
            [7, [7, 10]],
            [10, []]
        ],
        [
            [0, [2]],
            [2, [8, 6]],
            [8, []],
            [9, [9]],
            [6, []]
        ]
    ],
    [
        [
            [2, [8, 6]],
            [7, [7, 10]]
        ],
        [
            [9, [9]]
        ]
    ]
]
[SOL] best solution file: ./sol_best_C101_1.5_demand1.dat_A4_L90_pid90610.txt
[SOL] best multi-visit makespan: 156.615528128088
[SOL] best multi-visit solution detail:
solution = [
    [
        [
            [0, [3, 5, 4, 1]],
            [3, []],
            [5, []],
            [4, []],
            [1, []],
            [7, [7, 10]],
            [10, []]
        ],
        [
            [0, [2]],
            [2, [8, 6]],
            [8, []],
            [9, [9]],
            [6, []]
        ]
    ],
    [
        [
            [2, [8, 6]],
            [7, [7, 10]]
        ],
        [
            [9, [9]]
        ]
    ]
]
[SOL] best multi-visit solution file: ./sol_best_multi_C101_1.5_demand1.dat_A4_L90_pid90610.txt
